// Jest Snapshot v1, https://goo.gl/fbAQLP

exports[`getInputProps accepts a mapStateToProps function 1`] = `
Array [
  "getRootProps",
  "getToggleButtonProps",
  "getLabelProps",
  "getMenuProps",
  "getInputProps",
  "getItemProps",
  "reset",
  "openMenu",
  "closeMenu",
  "toggleMenu",
  "selectItem",
  "selectItemAtIndex",
  "selectHighlightedItem",
  "setHighlightedIndex",
  "clearSelection",
  "clearItems",
  "setItemCount",
  "unsetItemCount",
  "setState",
  "itemToString",
  "id",
  "highlightedIndex",
  "inputValue",
  "isOpen",
  "selectedItem",
]
`;
