// Jest Snapshot v1, https://goo.gl/fbAQLP

exports[`utils useMouseAndTouchTracker adds and removes listeners to environment: element change rerender adding events 1`] = `
[
  [
    mousedown,
    [Function],
    {
      passive: true,
    },
  ],
  [
    mouseup,
    [Function],
    {
      passive: true,
    },
  ],
  [
    touchstart,
    [Function],
    {
      passive: true,
    },
  ],
  [
    touchmove,
    [Function],
    {
      passive: true,
    },
  ],
  [
    touchend,
    [Function],
    {
      passive: true,
    },
  ],
]
`;

exports[`utils useMouseAndTouchTracker adds and removes listeners to environment: element change rerender remove events 1`] = `
[
  [
    mousedown,
    [Function],
    {
      passive: true,
    },
  ],
  [
    mouseup,
    [Function],
    {
      passive: true,
    },
  ],
  [
    touchstart,
    [Function],
    {
      passive: true,
    },
  ],
  [
    touchmove,
    [Function],
    {
      passive: true,
    },
  ],
  [
    touchend,
    [Function],
    {
      passive: true,
    },
  ],
]
`;

exports[`utils useMouseAndTouchTracker adds and removes listeners to environment: initial adding events 1`] = `
[
  [
    mousedown,
    [Function],
    {
      passive: true,
    },
  ],
  [
    mouseup,
    [Function],
    {
      passive: true,
    },
  ],
  [
    touchstart,
    [Function],
    {
      passive: true,
    },
  ],
  [
    touchmove,
    [Function],
    {
      passive: true,
    },
  ],
  [
    touchend,
    [Function],
    {
      passive: true,
    },
  ],
]
`;

exports[`utils useMouseAndTouchTracker adds and removes listeners to environment: unmount remove events 1`] = `
[
  [
    mousedown,
    [Function],
    {
      passive: true,
    },
  ],
  [
    mouseup,
    [Function],
    {
      passive: true,
    },
  ],
  [
    touchstart,
    [Function],
    {
      passive: true,
    },
  ],
  [
    touchmove,
    [Function],
    {
      passive: true,
    },
  ],
  [
    touchend,
    [Function],
    {
      passive: true,
    },
  ],
]
`;
